// Jest Snapshot v1, https://goo.gl/fbAQLP

exports[`<Header /> should render initial component 1`] = `
<div
  className="default"
>
  <a
    className="github"
    href="https://github.com/tpai/r2-starter-kit"
    rel="noopener noreferrer"
    target="_blank"
  >
    <div
      dangerouslySetInnerHTML={
        Object {
          "__html": "test-file-stub",
        }
      }
    />
  </a>
  <a
    href="https://jsonplaceholder.typicode.com/"
    rel="noopener noreferrer"
    target="_blank"
  >
    <img
      className="api"
      src="test-file-stub"
    />
  </a>
</div>
`;
