// Jest Snapshot v1, https://goo.gl/fbAQLP

exports[`<ProgressiveImage /> should render initial component 1`] = `
<FadeOutImage
  placeholder="https://placehold.it/40x30"
  url="https://placehold.it/800x600"
>
  <div>
    <img
      className="placeholder"
      style={
        Object {
          "backgroundImage": "url('https://placehold.it/40x30')",
        }
      }
    />
    <img
      onLoad={[Function]}
      src="https://placehold.it/800x600"
      style={
        Object {
          "display": "none",
        }
      }
    />
  </div>
</FadeOutImage>
`;
