// Jest Snapshot v1, https://goo.gl/fbAQLP

exports[`<Breadcrumb /> should render initial component 1`] = `
<div
  className="ts breadcrumb"
>
  <div
    className=" section"
    key="crumb0"
  >
    <Link
      replace={false}
      to="/"
    >
      Post List
    </Link>
    <i
      className="right angle icon divider"
    />
  </div>
  <div
    className="active section"
    key="crumb1"
  >
    Content
  </div>
</div>
`;
