// Jest Snapshot v1, https://goo.gl/fbAQLP

exports[`<Content /> should render component when receive next props 1`] = `
<div>
  <div
    className="ts card text container"
  >
    <div
      className="image"
    >
      <FadeOutImage
        placeholder="https://picsum.photos/60/36?image=1"
        url="https://picsum.photos/1200/720?image=1"
      />
    </div>
    <div
      className="content"
    >
      <div
        className="header"
      >
        Title
      </div>
      <div
        className="bulleted meta"
      >
        Author (Email)
      </div>
      <div
        className="description"
        dangerouslySetInnerHTML={
          Object {
            "__html": "Content",
          }
        }
      />
    </div>
  </div>
</div>
`;

exports[`<Content /> should render initial component 1`] = `<div />`;
