// Jest Snapshot v1, https://goo.gl/fbAQLP

exports[`<FadeOutImage /> should render initial component 1`] = `
<FadeOutImage
  placeholderUrl="https://placehold.it/40x30"
  url="https://placehold.it/800x600"
>
  <div>
    <img
      src="https://placehold.it/40x30"
      style={
        Object {
          "filter": "blur(5px)",
        }
      }
    />
    <img
      id="preload_image"
      onLoad={[Function]}
      src="https://placehold.it/800x600"
      style={
        Object {
          "display": "none",
        }
      }
    />
  </div>
</FadeOutImage>
`;
