// Jest Snapshot v1, https://goo.gl/fbAQLP

exports[`<FadeOutImage /> should render initial component 1`] = `
<FadeOutImage
  placeholder="https://placehold.it/40x30"
  url="https://placehold.it/800x600"
>
  <div>
    <styled.img
      blur={5}
      url="https://placehold.it/40x30"
    >
      <img
        className="sc-bdVaJa kpFRyp"
      />
    </styled.img>
    <img
      id="preload_image"
      onLoad={[Function]}
      src="https://placehold.it/800x600"
      style={
        Object {
          "display": "none",
        }
      }
    />
  </div>
</FadeOutImage>
`;
