// Jest Snapshot v1, https://goo.gl/fbAQLP

exports[`<List /> should render initial component 1`] = `
<div
  className="ts divided items"
>
  <div
    className="item"
    key="item0"
  >
    <div
      className="image"
      style={
        Object {
          "width": "30%",
        }
      }
    >
      <div
        style={
          Object {
            "background": "url('https://placehold.it/320x180') no-repeat center center",
            "backgroundSize": "cover",
            "display": "block",
            "paddingBottom": "56.25%",
            "width": "100%",
          }
        }
      />
    </div>
    <div
      className="content"
    >
      <Link
        className="header"
        replace={false}
        to="#"
      >
        Title
      </Link>
      <div
        className="description"
      >
        Content
      </div>
    </div>
  </div>
</div>
`;
