// Jest Snapshot v1, https://goo.gl/fbAQLP

exports[`<List /> should render initial component 1`] = `
<div
  className="ts divided items"
>
  <div
    className="item"
    key="item0"
  >
    <div
      className="image"
    >
      <img
        src="https://placehold.it/320x180"
      />
    </div>
    <div
      className="content"
    >
      <Link
        className="header"
        replace={false}
        to="#"
      >
        Title
      </Link>
      <div
        className="description"
      >
        Content
      </div>
    </div>
  </div>
</div>
`;
